GAS LISTING /tmp/ccw8FxZj.s 			page 1


   1              		.file	"main.cpp"
   2              		.option pic
   3              		.option norelax
   4              		.text
   5              	.Ltext0:
   6              		.align	2
   7              		.globl	main
   9              	main:
  10              	.LFB16:
  11              		.file 1 "src/main.cpp"
   1:src/main.cpp  **** #include "../lib/hw.h"
   2:src/main.cpp  **** #include "../lib/console.h"
   3:src/main.cpp  **** #include "../h/MemoryAllocator.hpp"
   4:src/main.cpp  **** #include "../h/RiscV.hpp"
   5:src/main.cpp  **** 
   6:src/main.cpp  **** extern int memory_allocator_test ( MemoryAllocator& allocator );
   7:src/main.cpp  **** 
   8:src/main.cpp  **** extern "C" void trap_handler ();
   9:src/main.cpp  **** 
  10:src/main.cpp  **** void main() {
  12              		.loc 1 10 13
  13              		.cfi_startproc
  14 0000 130101FF 		addi	sp,sp,-16
  15              		.cfi_def_cfa_offset 16
  16 0004 23341100 		sd	ra,8(sp)
  17 0008 23308100 		sd	s0,0(sp)
  18              		.cfi_offset 1, -8
  19              		.cfi_offset 8, -16
  20 000c 13040101 		addi	s0,sp,16
  21              		.cfi_def_cfa 8, 0
  11:src/main.cpp  **** 
  12:src/main.cpp  ****     // memory_allocator_test ( MemoryAllocator::get_instance () );
  13:src/main.cpp  **** 
  14:src/main.cpp  ****     RiscV::w_stvec ( ( uint64 ) trap_handler );
  22              		.loc 1 14 5
  23              		.loc 1 14 20 is_stmt 0
  24 0010 97070000 		la	a5,trap_handler
  24      83B70700 
  25              	.LVL0:
  26              	.LBB4:
  27              	.LBB5:
  28              		.file 2 "src/../h/RiscV.hpp"
   1:src/../h/RiscV.hpp **** #ifndef _RISC_V_HPP_
   2:src/../h/RiscV.hpp **** #define _RISC_V_HPP_
   3:src/../h/RiscV.hpp **** 
   4:src/../h/RiscV.hpp **** #include "../lib/hw.h"
   5:src/../h/RiscV.hpp **** 
   6:src/../h/RiscV.hpp **** class RiscV {
   7:src/../h/RiscV.hpp **** public:
   8:src/../h/RiscV.hpp ****     // read reg scause
   9:src/../h/RiscV.hpp ****     static uint64 r_scause ();
  10:src/../h/RiscV.hpp **** 
  11:src/../h/RiscV.hpp ****     // write reg scause
  12:src/../h/RiscV.hpp ****     static void   w_scause ( uint64 scause );
  13:src/../h/RiscV.hpp **** 
  14:src/../h/RiscV.hpp ****     // read reg sepc
  15:src/../h/RiscV.hpp ****     static uint64 r_sepc ();
GAS LISTING /tmp/ccw8FxZj.s 			page 2


  16:src/../h/RiscV.hpp **** 
  17:src/../h/RiscV.hpp ****     // write reg sepc
  18:src/../h/RiscV.hpp ****     static void   w_sepc ( uint64 sepc );
  19:src/../h/RiscV.hpp **** 
  20:src/../h/RiscV.hpp ****     // read reg stvec
  21:src/../h/RiscV.hpp ****     static uint64 r_stvec ();
  22:src/../h/RiscV.hpp **** 
  23:src/../h/RiscV.hpp ****     // write reg stvec
  24:src/../h/RiscV.hpp ****     static void   w_stvec ( uint64 stvec );
  25:src/../h/RiscV.hpp **** 
  26:src/../h/RiscV.hpp ****     // read reg stval
  27:src/../h/RiscV.hpp ****     static uint64 r_stval ();
  28:src/../h/RiscV.hpp **** 
  29:src/../h/RiscV.hpp ****     // write reg stval
  30:src/../h/RiscV.hpp ****     static void   w_stval ( uint64 stval );
  31:src/../h/RiscV.hpp **** 
  32:src/../h/RiscV.hpp ****     enum BitMaskSip {
  33:src/../h/RiscV.hpp ****         SIP_SSIP = (1 << 1),   // software pending
  34:src/../h/RiscV.hpp ****         SIP_STIP = (1 << 5),   // timer pending
  35:src/../h/RiscV.hpp ****         SIP_SEIP = (1 << 9),   // external pending
  36:src/../h/RiscV.hpp ****     };
  37:src/../h/RiscV.hpp **** 
  38:src/../h/RiscV.hpp ****     // mask set reg sip
  39:src/../h/RiscV.hpp ****     static void   ms_sip ( uint64 mask );
  40:src/../h/RiscV.hpp **** 
  41:src/../h/RiscV.hpp ****     // mask clear reg sip
  42:src/../h/RiscV.hpp ****     static void   mc_sip ( uint64 mask );
  43:src/../h/RiscV.hpp **** 
  44:src/../h/RiscV.hpp ****     // read reg sip
  45:src/../h/RiscV.hpp ****     static uint64 r_sip ();
  46:src/../h/RiscV.hpp **** 
  47:src/../h/RiscV.hpp ****     // write reg sip
  48:src/../h/RiscV.hpp ****     static void   w_sip ( uint64 sip );
  49:src/../h/RiscV.hpp **** 
  50:src/../h/RiscV.hpp ****     enum BitMaskSstatus {
  51:src/../h/RiscV.hpp ****         SSTATUS_SIE  = ( 1 << 1 ),
  52:src/../h/RiscV.hpp ****         SSTATUS_SPIE = ( 1 << 5 ),
  53:src/../h/RiscV.hpp ****         SSTATUS_SPP  = ( 1 << 8 )
  54:src/../h/RiscV.hpp ****     };
  55:src/../h/RiscV.hpp **** 
  56:src/../h/RiscV.hpp ****     // mask set reg sstatus
  57:src/../h/RiscV.hpp ****     static void   ms_sstatus ( uint64 mask );
  58:src/../h/RiscV.hpp **** 
  59:src/../h/RiscV.hpp ****     // mask clear reg sstatus
  60:src/../h/RiscV.hpp ****     static void   mc_sstatus ( uint64 mask );
  61:src/../h/RiscV.hpp **** 
  62:src/../h/RiscV.hpp ****     // read reg sstatus
  63:src/../h/RiscV.hpp ****     static uint64 r_sstatus ();
  64:src/../h/RiscV.hpp **** 
  65:src/../h/RiscV.hpp ****     // write reg sstatus
  66:src/../h/RiscV.hpp ****     static void   w_sstatus ( uint64 sstatus );
  67:src/../h/RiscV.hpp **** 
  68:src/../h/RiscV.hpp **** };
  69:src/../h/RiscV.hpp **** 
  70:src/../h/RiscV.hpp **** inline uint64 RiscV::r_scause () {
  71:src/../h/RiscV.hpp ****     uint64 volatile scause;
  72:src/../h/RiscV.hpp **** 
GAS LISTING /tmp/ccw8FxZj.s 			page 3


  73:src/../h/RiscV.hpp ****     __asm__ volatile ( "csrr %[scause], scause" : [scause] "=r"(scause) );
  74:src/../h/RiscV.hpp ****     
  75:src/../h/RiscV.hpp ****     return scause;
  76:src/../h/RiscV.hpp **** }
  77:src/../h/RiscV.hpp **** 
  78:src/../h/RiscV.hpp **** inline void RiscV::w_scause ( uint64 scause ) {
  79:src/../h/RiscV.hpp ****     __asm__ volatile ( "csrw scause, %[scause]" : : [scause] "r"(scause) );
  80:src/../h/RiscV.hpp **** }
  81:src/../h/RiscV.hpp **** 
  82:src/../h/RiscV.hpp **** inline uint64 RiscV::r_sepc () {
  83:src/../h/RiscV.hpp ****     uint64 volatile sepc;
  84:src/../h/RiscV.hpp **** 
  85:src/../h/RiscV.hpp ****     __asm__ volatile ( "csrr %[sepc], sepc" : [sepc] "=r"(sepc) );
  86:src/../h/RiscV.hpp **** 
  87:src/../h/RiscV.hpp ****     return sepc;
  88:src/../h/RiscV.hpp **** }
  89:src/../h/RiscV.hpp **** 
  90:src/../h/RiscV.hpp **** inline void RiscV::w_sepc ( uint64 sepc ) {
  91:src/../h/RiscV.hpp ****     __asm__ volatile ( "csrw sepc, %[sepc]" : : [sepc] "r"(sepc) );
  92:src/../h/RiscV.hpp **** }
  93:src/../h/RiscV.hpp **** 
  94:src/../h/RiscV.hpp **** inline uint64 RiscV::r_stvec () {
  95:src/../h/RiscV.hpp ****     uint64 volatile stvec;
  96:src/../h/RiscV.hpp **** 
  97:src/../h/RiscV.hpp ****     __asm__ volatile ( "csrr %[stvec], stvec" : [stvec] "=r"(stvec) );
  98:src/../h/RiscV.hpp **** 
  99:src/../h/RiscV.hpp ****     return stvec;
 100:src/../h/RiscV.hpp **** }
 101:src/../h/RiscV.hpp **** 
 102:src/../h/RiscV.hpp **** inline void RiscV::w_stvec ( uint64 stvec ) {
 103:src/../h/RiscV.hpp ****     __asm__ volatile ( "csrw stvec, %[stvec]" : : [stvec] "r"(stvec) );
  29              		.loc 2 103 5 is_stmt 1
  30              		.loc 2 103 71 is_stmt 0
  31              	#APP
  32              	# 103 "src/../h/RiscV.hpp" 1
 104              	}
  33              		csrw stvec, a5
  34              	# 0 "" 2
  35              	.LVL1:
  36              	#NO_APP
  37              	.LBE5:
  38              	.LBE4:
  15:src/main.cpp  **** 
  16:src/main.cpp  ****     __putc ( 'A' );
  39              		.loc 1 16 5 is_stmt 1
  40              		.loc 1 16 12 is_stmt 0
  41 001c 13051004 		li	a0,65
  42 0020 97000000 		call	__putc@plt
  42      E7800000 
  43              	.LVL2:
  17:src/main.cpp  **** 
  18:src/main.cpp  ****     __asm__ volatile ( "ecall" );
  44              		.loc 1 18 5 is_stmt 1
  45              		.loc 1 18 33 is_stmt 0
  46              	#APP
  47              	# 18 "src/main.cpp" 1
  19              	
GAS LISTING /tmp/ccw8FxZj.s 			page 4


  20:src/main.cpp  ****     __putc ( 'B' );
  48              		ecall
  49              	# 0 "" 2
  50              		.loc 1 20 5 is_stmt 1
  51              		.loc 1 20 12 is_stmt 0
  52              	#NO_APP
  53 002c 13052004 		li	a0,66
  54 0030 97000000 		call	__putc@plt
  54      E7800000 
  55              	.LVL3:
  21:src/main.cpp  **** 
  22:src/main.cpp  ****     __putc ( '\n' );
  56              		.loc 1 22 5 is_stmt 1
  57              		.loc 1 22 12 is_stmt 0
  58 0038 1305A000 		li	a0,10
  59 003c 97000000 		call	__putc@plt
  59      E7800000 
  60              	.LVL4:
  23:src/main.cpp  **** }
  61              		.loc 1 23 1
  62 0044 83308100 		ld	ra,8(sp)
  63              		.cfi_restore 1
  64 0048 03340100 		ld	s0,0(sp)
  65              		.cfi_restore 8
  66              		.cfi_def_cfa 2, 16
  67 004c 13010101 		addi	sp,sp,16
  68              		.cfi_def_cfa_offset 0
  69 0050 67800000 		jr	ra
  70              		.cfi_endproc
  71              	.LFE16:
  73              	.Letext0:
  74              		.file 3 "src/../lib/hw.h"
  75              		.file 4 "src/../lib/console.h"
GAS LISTING /tmp/ccw8FxZj.s 			page 5


DEFINED SYMBOLS
                            *ABS*:0000000000000000 main.cpp
     /tmp/ccw8FxZj.s:9      .text:0000000000000000 main
     /tmp/ccw8FxZj.s:13     .text:0000000000000000 .L0 
     /tmp/ccw8FxZj.s:14     .text:0000000000000000 .L0 
     /tmp/ccw8FxZj.s:15     .text:0000000000000004 .L0 
     /tmp/ccw8FxZj.s:18     .text:000000000000000c .L0 
     /tmp/ccw8FxZj.s:19     .text:000000000000000c .L0 
     /tmp/ccw8FxZj.s:21     .text:0000000000000010 .L0 
     /tmp/ccw8FxZj.s:23     .text:0000000000000010 .L0 
     /tmp/ccw8FxZj.s:24     .text:0000000000000010 .L0 
     /tmp/ccw8FxZj.s:30     .text:0000000000000018 .L0 
  src/../h/RiscV.hpp:103    .text:0000000000000018 .L0 
     /tmp/ccw8FxZj.s:40     .text:000000000000001c .L0 
     /tmp/ccw8FxZj.s:41     .text:000000000000001c .L0 
     /tmp/ccw8FxZj.s:45     .text:0000000000000028 .L0 
        src/main.cpp:18     .text:0000000000000028 .L0 
     /tmp/ccw8FxZj.s:51     .text:000000000000002c .L0 
     /tmp/ccw8FxZj.s:53     .text:000000000000002c .L0 
     /tmp/ccw8FxZj.s:57     .text:0000000000000038 .L0 
     /tmp/ccw8FxZj.s:58     .text:0000000000000038 .L0 
     /tmp/ccw8FxZj.s:62     .text:0000000000000044 .L0 
     /tmp/ccw8FxZj.s:63     .text:0000000000000048 .L0 
     /tmp/ccw8FxZj.s:65     .text:000000000000004c .L0 
     /tmp/ccw8FxZj.s:66     .text:000000000000004c .L0 
     /tmp/ccw8FxZj.s:68     .text:0000000000000050 .L0 
     /tmp/ccw8FxZj.s:70     .text:0000000000000054 .L0 
     /tmp/ccw8FxZj.s:76     .text:0000000000000054 .L0 
     /tmp/ccw8FxZj.s:24     .text:0000000000000010 .L0 
     /tmp/ccw8FxZj.s:441    .debug_abbrev:0000000000000000 .Ldebug_abbrev0
     /tmp/ccw8FxZj.s:906    .debug_str:00000000000002a9 .LASF47
     /tmp/ccw8FxZj.s:858    .debug_str:0000000000000154 .LASF48
     /tmp/ccw8FxZj.s:854    .debug_str:0000000000000135 .LASF49
     /tmp/ccw8FxZj.s:5      .text:0000000000000000 .Ltext0
     /tmp/ccw8FxZj.s:73     .text:0000000000000054 .Letext0
     /tmp/ccw8FxZj.s:806    .debug_line:0000000000000000 .Ldebug_line0
     /tmp/ccw8FxZj.s:872    .debug_str:00000000000001b9 .LASF0
     /tmp/ccw8FxZj.s:878    .debug_str:00000000000001e9 .LASF1
     /tmp/ccw8FxZj.s:866    .debug_str:000000000000018e .LASF2
     /tmp/ccw8FxZj.s:852    .debug_str:000000000000012e .LASF4
     /tmp/ccw8FxZj.s:900    .debug_str:0000000000000289 .LASF3
     /tmp/ccw8FxZj.s:822    .debug_str:0000000000000057 .LASF5
     /tmp/ccw8FxZj.s:880    .debug_str:00000000000001fc .LASF6
     /tmp/ccw8FxZj.s:870    .debug_str:00000000000001a6 .LASF7
     /tmp/ccw8FxZj.s:912    .debug_str:000000000000038e .LASF8
     /tmp/ccw8FxZj.s:848    .debug_str:000000000000010c .LASF9
     /tmp/ccw8FxZj.s:888    .debug_str:000000000000022c .LASF10
     /tmp/ccw8FxZj.s:908    .debug_str:000000000000036d .LASF11
     /tmp/ccw8FxZj.s:824    .debug_str:000000000000005e .LASF12
     /tmp/ccw8FxZj.s:810    .debug_str:0000000000000008 .LASF13
     /tmp/ccw8FxZj.s:830    .debug_str:0000000000000090 .LASF14
     /tmp/ccw8FxZj.s:898    .debug_str:0000000000000273 .LASF15
     /tmp/ccw8FxZj.s:832    .debug_str:000000000000009c .LASF16
     /tmp/ccw8FxZj.s:864    .debug_str:0000000000000188 .LASF50
     /tmp/ccw8FxZj.s:812    .debug_str:0000000000000018 .LASF17
     /tmp/ccw8FxZj.s:894    .debug_str:0000000000000257 .LASF19
     /tmp/ccw8FxZj.s:836    .debug_str:00000000000000c6 .LASF21
GAS LISTING /tmp/ccw8FxZj.s 			page 6


     /tmp/ccw8FxZj.s:890    .debug_str:000000000000023b .LASF23
     /tmp/ccw8FxZj.s:902    .debug_str:000000000000029b .LASF18
     /tmp/ccw8FxZj.s:838    .debug_str:00000000000000cf .LASF20
     /tmp/ccw8FxZj.s:896    .debug_str:000000000000026c .LASF22
     /tmp/ccw8FxZj.s:862    .debug_str:0000000000000175 .LASF24
     /tmp/ccw8FxZj.s:844    .debug_str:00000000000000fe .LASF25
     /tmp/ccw8FxZj.s:842    .debug_str:00000000000000ea .LASF26
     /tmp/ccw8FxZj.s:808    .debug_str:0000000000000000 .LASF27
     /tmp/ccw8FxZj.s:860    .debug_str:0000000000000161 .LASF28
     /tmp/ccw8FxZj.s:840    .debug_str:00000000000000e2 .LASF29
     /tmp/ccw8FxZj.s:834    .debug_str:00000000000000b2 .LASF30
     /tmp/ccw8FxZj.s:918    .debug_str:00000000000003bc .LASF31
     /tmp/ccw8FxZj.s:850    .debug_str:000000000000011a .LASF32
     /tmp/ccw8FxZj.s:892    .debug_str:0000000000000250 .LASF33
     /tmp/ccw8FxZj.s:818    .debug_str:000000000000002e .LASF34
     /tmp/ccw8FxZj.s:816    .debug_str:0000000000000027 .LASF35
     /tmp/ccw8FxZj.s:914    .debug_str:000000000000039e .LASF36
     /tmp/ccw8FxZj.s:846    .debug_str:0000000000000106 .LASF37
     /tmp/ccw8FxZj.s:886    .debug_str:000000000000021a .LASF38
     /tmp/ccw8FxZj.s:814    .debug_str:0000000000000021 .LASF39
     /tmp/ccw8FxZj.s:910    .debug_str:000000000000037c .LASF40
     /tmp/ccw8FxZj.s:916    .debug_str:00000000000003b1 .LASF41
     /tmp/ccw8FxZj.s:874    .debug_str:00000000000001c6 .LASF42
     /tmp/ccw8FxZj.s:876    .debug_str:00000000000001de .LASF43
     /tmp/ccw8FxZj.s:826    .debug_str:000000000000006e .LASF44
     /tmp/ccw8FxZj.s:828    .debug_str:0000000000000086 .LASF45
     /tmp/ccw8FxZj.s:856    .debug_str:000000000000013e .LASF46
     /tmp/ccw8FxZj.s:868    .debug_str:000000000000019c .LASF51
     /tmp/ccw8FxZj.s:820    .debug_str:0000000000000041 .LASF52
     /tmp/ccw8FxZj.s:884    .debug_str:0000000000000215 .LASF53
     /tmp/ccw8FxZj.s:10     .text:0000000000000000 .LFB16
     /tmp/ccw8FxZj.s:71     .text:0000000000000054 .LFE16
     /tmp/ccw8FxZj.s:26     .text:0000000000000018 .LBB4
     /tmp/ccw8FxZj.s:38     .text:000000000000001c .LBE4
     /tmp/ccw8FxZj.s:43     .text:0000000000000028 .LVL2
     /tmp/ccw8FxZj.s:55     .text:0000000000000038 .LVL3
     /tmp/ccw8FxZj.s:60     .text:0000000000000044 .LVL4
     /tmp/ccw8FxZj.s:882    .debug_str:000000000000020f .LASF54
     /tmp/ccw8FxZj.s:904    .debug_str:00000000000002a2 .LASF55
     /tmp/ccw8FxZj.s:77     .debug_info:0000000000000000 .Ldebug_info0

UNDEFINED SYMBOLS
trap_handler
__putc
